 seyou@SH  ~  Paracore  paracore  paracore-free 
❯ ./build-frontend.ps1 -Release
WARNING: Set-Version.ps1 not found, skipping auto-sync.
=================================
   Building Paracore Installer
=================================

[0/2] Checking for prerequisites...
Found uv at: C:\Users\seyou\.local\bin\uv.exe

[1/2] Building rap-web...
Rebranding application to 'Paracore' for this build...
Preparing optimized Embeddable Python environment for Release...
Unzipping C:\Users\seyou\Paracore\paracore\rap-web\src-tauri\assets\python-3.12.3-embed-amd64.zip...
Stripping dev packages for release...
Patched logfire_api to reject incomplete logfire modules.
Bundling runtime dependencies from clean environment...
Restoring dev packages...
Copying application source...
Bundled paracore-agent with server release
Python server has been bundled for release (Embeddable Mode).
Cleaning stale source MSI to force regeneration...
Running npx tauri build for RELEASE...
     Running beforeBuildCommand `npm run build`
 + pyinstaller==6.20.0
> rap@4.7.0 buildoks-contrib==2026.6
> tsc -b && vite build.3
 + setuptools==80.9.0
vite v7.2.4 building client environment for production...
✓ 2777 modules transformed.
Generated an empty chunk: "@swc".
Generated an empty chunk: "fault".
Generated an empty chunk: "format".
Generated an empty chunk: "highlight.js".
Generated an empty chunk: "lowlight".
Generated an empty chunk: "micromark-extension-gfm-tagfilter".
Generated an empty chunk: "micromark-util-encode".
Generated an empty chunk: "tabbable".
Generated an empty chunk: "zwitch".
dist/index.html                                                             12.06 kB │ gzip:   2.65 kB
dist/assets/index-BrziI_fU.css                                             152.67 kB │ gzip:  21.79 kB
dist/assets/@swc-l0sNRNKZ.js                                                 0.00 kB │ gzip:   0.02 kB
dist/assets/fault-l0sNRNKZ.js                                                0.00 kB │ gzip:   0.02 kB
dist/assets/format-l0sNRNKZ.js                                               0.00 kB │ gzip:   0.02 kB
dist/assets/highlight.js-l0sNRNKZ.js                                         0.00 kB │ gzip:   0.02 kB
dist/assets/lowlight-l0sNRNKZ.js                                             0.00 kB │ gzip:   0.02 kB
dist/assets/micromark-extension-gfm-tagfilter-l0sNRNKZ.js                    0.00 kB │ gzip:   0.02 kB
dist/assets/micromark-util-encode-l0sNRNKZ.js                                0.00 kB │ gzip:   0.02 kB
dist/assets/tabbable-l0sNRNKZ.js                                             0.00 kB │ gzip:   0.02 kB
dist/assets/zwitch-l0sNRNKZ.js                                               0.00 kB │ gzip:   0.02 kB
dist/assets/@react-stately-Dgxjrw6P.js                                       0.03 kB │ gzip:   0.05 kB
dist/assets/bail-FqpXQuLt.js                                                 0.04 kB │ gzip:   0.06 kB
dist/assets/devlop-Cl3hj7Sz.js                                               0.05 kB │ gzip:   0.06 kB
dist/assets/@floating-ui-Csc4NNJ4.js                                         0.06 kB │ gzip:   0.07 kB
dist/assets/@react-aria-Csc4NNJ4.js                                          0.06 kB │ gzip:   0.07 kB
dist/assets/@tanstack-Csc4NNJ4.js                                            0.06 kB │ gzip:   0.07 kB
dist/assets/tiny-invariant-BaFNuDhB.js                                       0.08 kB │ gzip:   0.09 kB
dist/assets/micromark-util-normalize-identifier-C9ANKk3v.js                  0.12 kB │ gzip:   0.12 kB
dist/assets/redux-thunk-ClJT1hhx.js                                          0.12 kB │ gzip:   0.12 kB
dist/assets/is-decimal-Bg2oiju0.js                                           0.15 kB │ gzip:   0.14 kB
dist/assets/micromark-util-resolve-all-PQCKh0dx.js                           0.15 kB │ gzip:   0.14 kB
dist/assets/micromark-util-classify-character-72LGz2mN.js                    0.15 kB │ gzip:   0.14 kB
dist/assets/hast-util-whitespace-D4Wp6AEg.js                                 0.16 kB │ gzip:   0.14 kB
dist/assets/is-alphabetical-BQ1fjZEF.js                                      0.16 kB │ gzip:   0.15 kB
dist/assets/is-hexadecimal-yh8m6GRc.js                                       0.17 kB │ gzip:   0.16 kB
dist/assets/decode-named-character-reference-C3-224fz.js                     0.18 kB │ gzip:   0.17 kB
dist/assets/ccount-c2V3InAJ.js                                               0.19 kB │ gzip:   0.16 kB
dist/assets/estree-util-is-identifier-name-BgBfM8ME.js                       0.19 kB │ gzip:   0.14 kB
dist/assets/nanoid-OxPLOBIU.js                                               0.20 kB │ gzip:   0.20 kB
dist/assets/is-alphanumerical-_oBzrqVk.js                                    0.21 kB │ gzip:   0.17 kB
dist/assets/remark-rehype-BqYQ7mKD.js                                        0.21 kB │ gzip:   0.18 kB
dist/assets/longest-streak-CtXnX3Xp.js                                       0.22 kB │ gzip:   0.19 kB
dist/assets/micromark-util-decode-numeric-character-reference-CNs1qBpV.js    0.22 kB │ gzip:   0.19 kB
dist/assets/xtend-VQg9yHl6.js                                                0.23 kB │ gzip:   0.19 kB
dist/assets/is-plain-obj-C1gvLhAf.js                                         0.23 kB │ gzip:   0.17 kB
dist/assets/space-separated-tokens-Cp5A9err.js                               0.23 kB │ gzip:   0.18 kB
dist/assets/remark-parse-hZDvHk2w.js                                         0.27 kB │ gzip:   0.20 kB
dist/assets/micromark-factory-space-Bzki161k.js                              0.27 kB │ gzip:   0.22 kB
dist/assets/unist-util-visit-8_a2MF5S.js                                     0.28 kB │ gzip:   0.22 kB
dist/assets/mdast-util-phrasing-D13Y6KTe.js                                  0.28 kB │ gzip:   0.21 kB
dist/assets/character-reference-invalid-AKrgFUtc.js                          0.29 kB │ gzip:   0.20 kB
dist/assets/micromark-factory-whitespace-DxqLJ6OX.js                         0.31 kB │ gzip:   0.22 kB
dist/assets/unist-util-stringify-position-Ch_qCilz.js                        0.32 kB │ gzip:   0.19 kB
dist/assets/html-url-attributes-D46m5wfe.js                                  0.32 kB │ gzip:   0.23 kB
dist/assets/micromark-util-chunked-DrRIdSP-.js                               0.33 kB │ gzip:   0.23 kB
dist/assets/hast-util-parse-selector-BXt8oe2z.js                             0.37 kB │ gzip:   0.27 kB
dist/assets/clsx-B-dksMZM.js                                                 0.37 kB │ gzip:   0.24 kB
dist/assets/unist-util-position-60F3QETU.js                                  0.38 kB │ gzip:   0.23 kB
dist/assets/remark-gfm-BjVWXKDa.js                                           0.39 kB │ gzip:   0.24 kB
dist/assets/micromark-util-decode-string-strjl-tx.js                         0.43 kB │ gzip:   0.31 kB
dist/assets/trim-lines-D8znQY54.js                                           0.44 kB │ gzip:   0.26 kB
dist/assets/micromark-util-combine-extensions-Bka6Sc1c.js                    0.46 kB │ gzip:   0.32 kB
dist/assets/mdast-util-gfm-DC708dhb.js                                       0.46 kB │ gzip:   0.27 kB
dist/assets/micromark-extension-gfm-AxZ6nl5T.js                              0.48 kB │ gzip:   0.25 kB
dist/assets/style-to-object-Cg2xzs12.js                                      0.50 kB │ gzip:   0.34 kB
dist/assets/mdast-util-to-string-C_aolqmU.js                                 0.51 kB │ gzip:   0.31 kB
dist/assets/micromark-util-character-Cn8n62xE.js                             0.53 kB │ gzip:   0.32 kB
dist/assets/micromark-util-html-tag-name-DbKNfynz.js                         0.55 kB │ gzip:   0.30 kB
dist/assets/@heroicons-RSt5r9lb.js                                           0.56 kB │ gzip:   0.37 kB
dist/assets/micromark-util-sanitize-uri-B1mpwOqX.js                          0.57 kB │ gzip:   0.38 kB
dist/assets/mdast-util-gfm-strikethrough-Cj9qKt6Q.js                         0.62 kB │ gzip:   0.37 kB
dist/assets/internmap-BkD7Hj8s.js                                            0.64 kB │ gzip:   0.31 kB
dist/assets/micromark-factory-label-Dm2aTycn.js                              0.72 kB │ gzip:   0.38 kB
dist/assets/micromark-factory-title-B-Q3zsGF.js                              0.73 kB │ gzip:   0.36 kB
dist/assets/unist-util-is-BPZGFiMU.js                                        0.78 kB │ gzip:   0.39 kB
dist/assets/trough-B_b8ryxu.js                                               0.80 kB │ gzip:   0.44 kB
dist/assets/victory-vendor-DUBx-XN0.js                                       0.81 kB │ gzip:   0.43 kB
dist/assets/unist-util-visit-parents-B1S0AetN.js                             0.89 kB │ gzip:   0.53 kB
dist/assets/style-to-js-DRvVfU1-.js                                          0.91 kB │ gzip:   0.56 kB
dist/assets/prop-types-DhrZa7mx.js                                           0.95 kB │ gzip:   0.58 kB
dist/assets/micromark-extension-gfm-task-list-item-CQ-9H0He.js               0.97 kB │ gzip:   0.43 kB
dist/assets/micromark-factory-destination-Dhx6mInV.js                        1.02 kB │ gzip:   0.43 kB
dist/assets/comma-separated-tokens-CN1yxFUL.js                               1.16 kB │ gzip:   0.62 kB
dist/assets/character-entities-legacy-BSd6ekHp.js                            1.17 kB │ gzip:   0.67 kB
dist/assets/extend-zcE_oDro.js                                               1.28 kB │ gzip:   0.66 kB
dist/assets/mdast-util-gfm-task-list-item-DWVhJbSA.js                        1.31 kB │ gzip:   0.66 kB
dist/assets/vfile-message-Ezj_CYSE.js                                        1.43 kB │ gzip:   0.59 kB
dist/assets/mdast-util-find-and-replace-JyfRm6J4.js                          1.47 kB │ gzip:   0.78 kB
dist/assets/inline-style-parser-BlqBsVO4.js                                  1.62 kB │ gzip:   0.88 kB
dist/assets/markdown-table-DvhhVmnL.js                                       1.63 kB │ gzip:   0.77 kB
dist/assets/micromark-extension-gfm-strikethrough-DRvqaQ9w.js                1.77 kB │ gzip:   0.78 kB
dist/assets/mdast-util-gfm-footnote-DOFKMeKV.js                              1.83 kB │ gzip:   0.77 kB
dist/assets/mdast-util-gfm-table-BhXjbrfC.js                                 1.98 kB │ gzip:   0.87 kB
dist/assets/d3-path-CimkQT29.js                                              2.03 kB │ gzip:   0.91 kB
dist/assets/@babel-BlVrb8V_.js                                               2.05 kB │ gzip:   0.96 kB
dist/assets/react-is-DC4omQzd.js                                             2.27 kB │ gzip:   0.77 kB
dist/assets/hastscript-m5l8KGgE.js                                           2.28 kB │ gzip:   1.14 kB
dist/assets/react-redux-DO9SKWat.js                                          2.32 kB │ gzip:   1.13 kB
dist/assets/mdast-util-gfm-autolink-literal-D8mbGYE2.js                      2.35 kB │ gzip:   1.07 kB
dist/assets/d3-interpolate-CCf1iqz-.js                                       2.56 kB │ gzip:   1.20 kB
dist/assets/@ungap--gfxRhYI.js                                               2.64 kB │ gzip:   1.12 kB
dist/assets/use-sync-external-store-8j8O9vuO.js                              2.69 kB │ gzip:   1.10 kB
dist/assets/reselect-Cg9BXdu5.js                                             2.74 kB │ gzip:   1.22 kB
dist/assets/eventemitter3-CdEqUfAl.js                                        2.90 kB │ gzip:   1.13 kB
dist/assets/redux-BXkGT1VS.js                                                2.92 kB │ gzip:   1.25 kB
dist/assets/react-markdown-b-_hN7tF.js                                       3.22 kB │ gzip:   1.35 kB
dist/assets/d3-array-g_qRI3rN.js                                             3.36 kB │ gzip:   1.46 kB
dist/assets/parse-entities-BoTxMbXG.js                                       3.38 kB │ gzip:   1.74 kB
dist/assets/scheduler-7OC5HNn7.js                                            3.61 kB │ gzip:   1.58 kB
dist/assets/micromark-util-subtokenize-BC4BSQ9J.js                           3.64 kB │ gzip:   1.38 kB
dist/assets/micromark-extension-gfm-autolink-literal-BQfQ1Zem.js             3.77 kB │ gzip:   1.38 kB
dist/assets/micromark-extension-gfm-footnote-DkhwFsuS.js                     4.32 kB │ gzip:   1.36 kB
dist/assets/unified-BVZpz0aW.js                                              4.34 kB │ gzip:   1.74 kB
dist/assets/d3-time-g9mLz1m7.js                                              4.64 kB │ gzip:   1.65 kB
dist/assets/d3-format-CzD4bSOQ.js                                            4.79 kB │ gzip:   2.19 kB
dist/assets/vfile-DoIswyph.js                                                5.19 kB │ gzip:   2.04 kB
dist/assets/micromark-extension-gfm-table-DeUU3o88.js                        5.78 kB │ gzip:   1.94 kB
dist/assets/CodeViewer-LK-FEinU.js                                           6.02 kB │ gzip:   2.49 kB
dist/assets/d3-color-9lF95FHy.js                                             7.13 kB │ gzip:   3.02 kB
dist/assets/immer-B82CE1ke.js                                                8.12 kB │ gzip:   3.16 kB
dist/assets/property-information-BNCspt5c.js                                 8.39 kB │ gzip:   3.34 kB
dist/assets/react-DP9BiGHp.js                                                8.57 kB │ gzip:   3.32 kB
dist/assets/d3-time-format-j2_s_XYn.js                                       9.02 kB │ gzip:   2.84 kB
dist/assets/micromark-CtXuTyED.js                                           10.11 kB │ gzip:   4.09 kB
dist/assets/mdast-util-from-markdown-pCseF5fJ.js                            10.73 kB │ gzip:   3.21 kB
dist/assets/mdast-util-to-hast-Dk4FBTeY.js                                  11.11 kB │ gzip:   3.39 kB
dist/assets/react-rnd-DOlAXS6h.js                                           11.39 kB │ gzip:   3.36 kB
dist/assets/mdast-util-to-markdown-C3VIl7NJ.js                              11.96 kB │ gzip:   3.60 kB
dist/assets/decimal.js-light-DQE-3iDJ.js                                    12.78 kB │ gzip:   5.48 kB
dist/assets/d3-shape-CTij_K8F.js                                            13.88 kB │ gzip:   3.87 kB
dist/assets/d3-scale-_jV4VZB3.js                                            15.02 kB │ gzip:   4.93 kB
dist/assets/@tauri-apps-6gaPMo6w.js                                         15.62 kB │ gzip:   3.66 kB
dist/assets/react-toastify-SbxAzstm.js                                      15.99 kB │ gzip:   6.43 kB
dist/assets/re-resizable-Bxm87Dw-.js                                        16.65 kB │ gzip:   5.05 kB
dist/assets/react-draggable-BUMRFu2L.js                                     20.20 kB │ gzip:   6.57 kB
dist/assets/@reduxjs-yRquyabn.js                                            20.32 kB │ gzip:   8.17 kB
dist/assets/es-toolkit-rjQQCLsn.js                                          21.54 kB │ gzip:   6.55 kB
dist/assets/hast-util-to-jsx-runtime-OSdX56OW.js                            24.61 kB │ gzip:   8.29 kB
dist/assets/react-syntax-highlighter-epyvrAWQ.js                            27.70 kB │ gzip:   7.29 kB
dist/assets/micromark-core-commonmark-CH1HDFCm.js                           28.50 kB │ gzip:   7.17 kB
dist/assets/axios-CG2WSiiR.js                                               36.29 kB │ gzip:  14.69 kB
dist/assets/@headlessui-Q5igcr1k.js                                         43.16 kB │ gzip:  15.34 kB
dist/assets/@fortawesome-CEMKD-EU.js                                       123.32 kB │ gzip:  39.36 kB
dist/assets/react-dom-oMuDOFI3.js                                          180.52 kB │ gzip:  56.35 kB
dist/assets/posthog-js-CgtIowBO.js                                         181.56 kB │ gzip:  59.40 kB
dist/assets/recharts-Acp5UHLL.js                                           236.67 kB │ gzip:  62.41 kB
dist/assets/index-DmZZQKbr.js                                              489.25 kB │ gzip: 122.57 kB
dist/assets/refractor-CmZP_K71.js                                          598.38 kB │ gzip: 217.04 kB
✓ built in 19.78s
   Compiling app v1.0.0 (C:\Users\seyou\Paracore\paracore\rap-web\src-tauri)
    Finished `release` profile [optimized] target(s) in 28.98s
        Info Target: x64
     Running candle for "main.wxs"
     Running candle for "C:\\Users\\seyou\\Paracore\\paracore\\rap-web\\src-tauri\\wix/cleanup.wxs"
     Running light to produce C:\Users\seyou\Paracore\paracore\rap-web\src-tauri\target\release\bundle\msi\Paracore_4.7.0_x64_en-US.mTauri build finished.
Restoring original tauri.conf.json...
rap-web build complete.                                                                                                 ore_4.7.0_x64

[INFO] Skipping code signing.
Installer output will be placed in: C:\Users\seyou\Paracore\paracore\installers

[2/2] Copying Tauri MSI to installers folder...
Removed previous version of the installer.
Paracore MSI Installer created at: C:\Users\seyou\Paracore\paracore\installers\Paracore_4.7.0_x64.msi

=================================
   Build Complete!
=================================